<html>
<body>
<pre>
<h1>µVision Build Log</h1>
<h2>Project:</h2>
D:\Setup\Keil\UTAustinX_UT.6.10x_UT.6.20x\Lab13_DAC\Lab13.uvproj
Project File Date:  08/27/2023

<h2>Output:</h2>
Build target 'Lab13'
compiling Lab13.c...
linking...
Program Size: Code=6138 RO-data=9390 RW-data=80 ZI-data=1816  
".\Lab13.axf" - 0 Error(s), 0 Warning(s).
Load "D:\\Setup\\Keil\\UTAustinX_UT.6.10x_UT.6.20x\\Lab13_DAC\\Lab13.axf" 
Connecting: Mode=JTAG, Speed=1000000Hz
Erase Done.
Programming Done.
Verify OK.
</pre>
</body>
</html>
