<html>
<body>
<pre>
<h1>µVision Build Log</h1>
<h2>Project:</h2>
D:\Setup\Keil\UTAustinX_UT.6.10x_UT.6.20x\Lab9_FunctionalDebugging\Lab9.uvproj
Project File Date:  12/30/2021

<h2>Output:</h2>
Build target 'Lab9'
compiling main.c...
linking...
Program Size: Code=2968 RO-data=2712 RW-data=60 ZI-data=1644  
".\Lab9.axf" - 0 Error(s), 0 Warning(s).
Load "D:\\Setup\\Keil\\UTAustinX_UT.6.10x_UT.6.20x\\Lab9_FunctionalDebugging\\Lab9.axf" 
Connecting: Mode=JTAG, Speed=1000000Hz
Erase Done.
Programming Done.
Verify OK.
</pre>
</body>
</html>
