<html>
<body>
<pre>
<h1>µVision Build Log</h1>
<h2>Project:</h2>
D:\Setup\Keil\UTAustinX_UT.6.10x_UT.6.20x\Lab15_SpaceInvaders\SpaceInvaders.uvproj
Project File Date:  08/06/2023

<h2>Output:</h2>
Build target 'SpaceInvaders'
compiling SpaceInvaders.c...
linking...
Program Size: Code=7014 RO-data=5286 RW-data=104 ZI-data=1816  
".\SpaceInvaders.axf" - 0 Error(s), 0 Warning(s).
</pre>
</body>
</html>
ers_Animation.c: 0 warnings, 1 error
".\SpaceInvaders.axf" - 1 Error(s), 0 Warning(s).
Target not created
286 RW-data=92 ZI-data=1820  
".\SpaceInvaders.axf" - 0 Error(s), 1 Warning(s).
gram Size: Code=6042 RO-data=5286 RW-data=92 ZI-data=1820  
".\SpaceInvaders.axf" - 0 Error(s), 2 Warning(s).
 } playerShip_t;          
SpaceInvaders_Animation.c(448): error:  #20: identifier "playerShip_t" is undefined
  playerShip_t playerShip;
SpaceInvaders_Animation.c: 3 warnings, 2 errors
".\SpaceInvaders.axf" - 2 Error(s), 3 Warning(s).
Target not created
