<html>
<body>
<pre>
<h1>µVision Build Log</h1>
<h2>Project:</h2>
D:\Setup\Keil\UTAustinX_UT.6.10x_UT.6.20x\Lab15_VirtualSpaceInvaders\SpaceInvaders.uvproj
Project File Date:  08/03/2023

<h2>Output:</h2>
Build target 'SpaceInvaders'
assembling startup.s...
assembling random.s...
compiling SpaceInvaders.c...
compiling TExaS.c...
compiling VirtualNokia5110.c...
linking...
Program Size: Code=4460 RO-data=5284 RW-data=68 ZI-data=1764  
".\SpaceInvaders.axf" - 0 Error(s), 0 Warning(s).
</pre>
</body>
</html>
