<html>
<body>
<pre>
<h1>µVision Build Log</h1>
<h2>Project:</h2>
D:\Setup\Keil\UTAustinX_UT.6.10x_UT.6.20x\Lab14_MeasurementOfDistance\Lab14.uvproj
Project File Date:  08/26/2023

<h2>Output:</h2>
Build target 'Lab14'
linking...
Program Size: Code=7282 RO-data=7570 RW-data=124 ZI-data=1764  
".\Lab14.axf" - 0 Error(s), 0 Warning(s).
Load "D:\\Setup\\Keil\\UTAustinX_UT.6.10x_UT.6.20x\\Lab14_MeasurementOfDistance\\Lab14.axf" 
Connecting: Mode=JTAG, Speed=1000000Hz
Erase Done.
Programming Done.
Verify OK.
</pre>
</body>
</html>
