<html>
<body>
<pre>
<h1>µVision Build Log</h1>
<h2>Project:</h2>
D:\Setup\Keil\UTAustinX_UT.6.10x_UT.6.20x\Lab7_HeartBlock\Lab7.uvproj
Project File Date:  12/29/2014

<h2>Output:</h2>
Build target 'Lab7'
assembling startup.s...
compiling main.c...
linking...
Program Size: Code=4268 RO-data=6156 RW-data=80 ZI-data=1752  
".\Lab7.axf" - 0 Error(s), 0 Warning(s).
Load "D:\\Setup\\Keil\\UTAustinX_UT.6.10x_UT.6.20x\\Lab7_HeartBlock\\Lab7.axf" 
Connecting: Mode=JTAG, Speed=1000000Hz
Erase Done.
Programming Done.
Verify OK.
</pre>
</body>
</html>
